<dotnetnuke type="Package" version="5.0">
  <packages>
    <package name="MyAuthSystemPackage" type="Auth_System" version="1.0.0">
      <friendlyName>My Amazing Auth System</friendlyName>
      <description>An amazing auth system.</description>
      <components>
        <component type="Config">
          <config>
            <install>
              <configuration>
                <nodes>
                  <node path="config/some" action="add" key="key" collision="overwrite"><some key="foo">bar</some></node>
                </nodes>
              </configuration>
            </install>
            <uninstall>
              <configuration>
                <nodes>
                  <node path="config/some" action="remove" key="key" collision="ignore"><some key="foo">bar</some></node>
                </nodes>
              </configuration>
            </uninstall>
          </config>
        </component>
      </components>
    </package>
  </packages>
</dotnetnuke>