<dotnetnuke type="Package" version="5.0">
  <packages>
    <package name="MyAuthSystemPackage" type="Auth_System" version="1.0.0">
      <friendlyName>My Amazing Auth System</friendlyName>
      <description>An amazing auth system.</description>
      <components>
        <component type="ResourceFile">
          <resourceFiles>
            <basePath>foo</basePath>
            <resourceFile>
              <name>foo.ascx.resx</name>
              <path>resources</path>
            </resourceFile>
            <resourceFile>
              <name>bar.resx</name>
            </resourceFile>
          </resourceFiles>
        </component>
      </components>
    </package>
  </packages>
</dotnetnuke>