<dotnetnuke type="Package" version="5.0">
  <packages>
    <package name="MyAuthSystemPackage" type="Auth_System" version="1.0.0">
      <friendlyName>My Amazing Auth System</friendlyName>
      <description>An amazing auth system.</description>
      <components>
        <component type="SkinObject">
          <moduleControl>
            <controlKey>TellFriend</controlKey>
            <controlSrc>DesktopModules/YourCompanyNameSkinObjects/TellFriend.ascx</controlSrc>
            <supportsPartialRendering>False</supportsPartialRendering>
          </moduleControl>
        </component>
      </components>
    </package>
  </packages>
</dotnetnuke>