<dotnetnuke type="Package" version="6.0">
  <packages>
    <package name="SomePackageName" type="Module" version="0.0.1">
      <friendlyName>SomePackageName</friendlyName>
      <description>changed</description>
      <owner>
        <name>Daz</name>
        <organization>Daz</organization>
        <url>http://www.someurl.com</url>
        <email>&lt;a href="mailto:support@someorg.com"&gt;support@someorg.com&lt;/a&gt;</email>
      </owner>
      <license src="License.lic" />
      <releaseNotes src="ReleaseNotes.txt" />
      <dependencies>
        <dependency type="coreVersion">05.04.01</dependency>
        <dependency type="managedPackage" version="1.0.0">AnotherPackageRequiredByThisComponent</dependency>
        <dependency type="package">AnotherPackageRequiredByThisComponent</dependency>
        <dependency type="type">System.Security.Principal.GenericPrincipal</dependency>
        <dependency type="SomeCustomDependencyType">ValueNeededBySomeCustomDependencyType</dependency>
      </dependencies>
      <components>
        <component type="Assembly">
          <assemblies>
            <assembly>
              <path>bin</path>
              <name>[YourAssembly.dll]</name>
              <version>1.0.0.0</version>
            </assembly>
            <assembly action="Unregister">
              <path>bin</path>
              <name>SomeOld.dll</name>
              <version>1.0.0.0</version>
            </assembly>
          </assemblies>
        </component>
        <component type="AuthenticationSystem">
          <authenticationService>
            <type>OpenID</type>
            <settingsControlSrc>DesktopModules/AuthenticationServices/OpenID/Settings.ascx</settingsControlSrc>
            <loginControlSrc>DesktopModules/AuthenticationServices/OpenID/Login.ascx</loginControlSrc>
            <logoffControlSrc />
          </authenticationService>
        </component>
        <component type="Cleanup" version="07.40.00">
          <files>
            <file>
              <path>bin</path>
              <name>MyFile.dll</name>
            </file>
            <file>
              <path>bin</path>
              <name>MyOtherFile.dll</name>
            </file>
          </files>
        </component>
        <component type="Config">
          <config>
            <configFile>web.config</configFile>
            <install>
              <configuration>
                <nodes>
                  <node path="/configuration/system.webServer/handlers" action="update" key="path" collision="overwrite">
                    <add name="RadProgressHandler" verb="*" path="Telerik.RadUploadProgressHandler.ashx" type="Telerik.Web.UI.Upload.RadUploadProgressHandler, Telerik.Web.UI" preCondition="integratedMode" />
                  </node>
                  <node />
                </nodes>
              </configuration>
            </install>
            <uninstall>
              <configuration>
                <nodes />
              </configuration>
            </uninstall>
          </config>
        </component>
        <component type="Container">
          <containerFiles>
            <basePath />
            <containerName>MyContainer</containerName>
            <containerFile>
              <path>somefile</path>
              <name>somename</name>
            </containerFile>
            <containerFile>
              <path />
              <name />
            </containerFile>
          </containerFiles>
        </component>
        <component type="DashboardControl">
          <dashboardControl>
            <key>Server</key>
            <src>DesktopModules/Admin/Dashboard/Modules/Server.ascx</src>
            <localResources>DesktopModules/Admin/Dashboard/App_LocalResources/SharedResources.ascx</localResources>
            <controllerClass>DotNetNuke.Modules.Dashboard.Components.Server.ServerController</controllerClass>
            <isEnabled>true</isEnabled>
            <viewOrder>1</viewOrder>
          </dashboardControl>
        </component>
        <component type="File">
          <files>
            <basePath>DesktopModules\MyModule</basePath>
            <file>
              <path>app_localresources</path>
              <name>MyModule.ascx.resx</name>
            </file>
            <file>
              <path />
              <name>MyModule.ascx</name>
              <sourceFileName>some/path/in/zip/mymodule.ascx</sourceFileName>
            </file>
          </files>
        </component>
        <component type="CoreLanguage">
          <languageFiles>
            <code>ca-ES</code>
            <displayName>Catala (España)</displayName>
            <fallback>en-US</fallback>
            <languageFile>
              <path>admin\ControlPanel\App_LocalResources</path>
              <name>classic.ascx.ca-es.resx</name>
            </languageFile>
            <languageFile>
              <path>admin\ControlPanel\App_LocalResources</path>
              <name>iconbar.ascx.ca-es.resx</name>
            </languageFile>
          </languageFiles>
        </component>
        <component type="ExtensionLanguage">
          <languageFiles>
            <code>en-US</code>
            <package>DefaultAuthentication</package>
            <basePath>DesktopModules\AuthenticationServices\DNN</basePath>
            <languageFile>
              <path>app_localresources</path>
              <name>Login.ascx.resx</name>
            </languageFile>
            <languageFile>
              <path>app_localresources</path>
              <name>Settings.ascx.resx</name>
            </languageFile>
          </languageFiles>
        </component>
      </components>
    </package>
  </packages>
</dotnetnuke>