<dotnetnuke type="Package" version="5.0">
  <packages>
    <package name="MyAuthSystemPackage" type="Auth_System" version="1.0.0">
      <friendlyName>My Amazing Auth System</friendlyName>
      <description>An amazing auth system.</description>
      <components>
        <component type="Module">
          <desktopModule>
            <moduleName>My Module</moduleName>
            <foldername>bas</foldername>
            <businessControllerClass>Foo.Module.Controller, Foo.Module</businessControllerClass>
            <codeSubdirectory>bar</codeSubdirectory>
            <isPremium>False</isPremium>
            <supportedFeatures>
              <supportedFeature type="Portable" />
              <supportedFeature type="Searchable" />
              <supportedFeature type="Upgradeable" />
            </supportedFeatures>
            <moduleDefinitions>
              <moduleDefinition>
                <friendlyName>My Module</friendlyName>
                <defaultCacheTime>-1</defaultCacheTime>
                <moduleControls>
                  <moduleControl>
                    <controlKey />
                    <controlSrc>DesktopModules/MyModule/Default.ascx</controlSrc>
                    <supportsPartialRendering>False</supportsPartialRendering>
                    <controlTitle>My module</controlTitle>
                    <controlType>View</controlType>
                    <iconFile />
                    <helpUrl />
                    <viewOrder>0</viewOrder>
                  </moduleControl>
                </moduleControls>
                <permissions>
                  <permission code="My_Module" key="MYMODREAD" name="My Module - Read stuff" />
                </permissions>
              </moduleDefinition>
            </moduleDefinitions>
          </desktopModule>
        </component>
      </components>
    </package>
  </packages>
</dotnetnuke>