<dotnetnuke type="Package" version="5.0">
  <packages>
    <package name="MyAuthSystemPackage" type="Auth_System" version="1.0.0">
      <friendlyName>My Amazing Auth System</friendlyName>
      <description>An amazing auth system.</description>
      <components>
        <component type="File">
          <files>
            <basePath>DesktopModules\MyModule</basePath>
            <file>
              <path>app_localresources</path>
              <name>MyModule.ascx.resx</name>
            </file>
            <file>
              <name>MyModule.ascx.resx</name>
            </file>
          </files>
        </component>
      </components>
    </package>
  </packages>
</dotnetnuke>