<dotnetnuke type="Package" version="5.0">
  <packages>
    <package name="MyAuthSystemPackage" type="Auth_System" version="1.0.0">
      <friendlyName>My Amazing Auth System</friendlyName>
      <description>An amazing auth system.</description>
      <components>
        <component type="ExtensionLanguage">
          <languageFiles>
            <code>en-US</code>
            <package>DefaultAuthentication</package>
            <basePath>DesktopModules\AuthenticationServices\DNN</basePath>
            <languageFile>
              <path>app_localresources</path>
              <name>Login.ascx.resx</name>
            </languageFile>
            <languageFile>
              <path>app_localresources</path>
              <name>Settings.ascx.resx</name>
            </languageFile>
          </languageFiles>
        </component>
      </components>
    </package>
  </packages>
</dotnetnuke>