<dotnetnuke type="Package" version="5.0">
  <packages>
    <package name="MyAuthSystemPackage" type="Auth_System" version="1.0.0">
      <friendlyName>My Amazing Auth System</friendlyName>
      <description>An amazing auth system.</description>
      <components>
        <component type="JavaScriptFile">
          <jsfiles>
            <libraryFolderName>foo</libraryFolderName>
            <jsfile>
              <name>mylib.js</name>
              <path>scripts</path>
            </jsfile>
            <jsfile>
              <name>mylib.dependency.js</name>
            </jsfile>
          </jsfiles>
        </component>
      </components>
    </package>
  </packages>
</dotnetnuke>